MPLINK 4.41, Linker
Linker Map File - Created Sun Jul 14 08:35:36 2024

                                 Section Info
                  Section       Type    Address   Location Size(Bytes)
                ---------  ---------  ---------  ---------  ---------
                   .org_0       code   0x000000    program   0x000002
                   .cinit    romdata   0x000001    program   0x000004
                   .org_1       code   0x000004    program   0x00070c
      .config_2007_MAIN.O       code   0x002007    program   0x000002



                              Program Memory Usage 
                               Start         End      
                           ---------   ---------      
                            0x000000    0x000002      
                            0x000004    0x000389      
                            0x002007    0x002007      
            906 out of 8454 program addresses used, program memory utilization is 10%



                              Symbols - Sorted by Name
                     Name    Address   Location    Storage File                     
                ---------  ---------  ---------  --------- ---------                
             CHECKHUNDRED   0x0001ea    program     static C:\Users\HP ProBook A9\OneDrive\Desktop\project4\main.asm
                    Case0   0x0002f7    program     static C:\Users\HP ProBook A9\OneDrive\Desktop\project4\main.asm
                    Case1   0x0002fd    program     static C:\Users\HP ProBook A9\OneDrive\Desktop\project4\main.asm
                   Case10   0x000333    program     static C:\Users\HP ProBook A9\OneDrive\Desktop\project4\main.asm
                   Case11   0x000339    program     static C:\Users\HP ProBook A9\OneDrive\Desktop\project4\main.asm
                   Case12   0x00033f    program     static C:\Users\HP ProBook A9\OneDrive\Desktop\project4\main.asm
                   Case13   0x000345    program     static C:\Users\HP ProBook A9\OneDrive\Desktop\project4\main.asm
                   Case14   0x00034b    program     static C:\Users\HP ProBook A9\OneDrive\Desktop\project4\main.asm
                   Case15   0x000351    program     static C:\Users\HP ProBook A9\OneDrive\Desktop\project4\main.asm
                   Case16   0x000357    program     static C:\Users\HP ProBook A9\OneDrive\Desktop\project4\main.asm
                   Case17   0x00035d    program     static C:\Users\HP ProBook A9\OneDrive\Desktop\project4\main.asm
                   Case18   0x000363    program     static C:\Users\HP ProBook A9\OneDrive\Desktop\project4\main.asm
                   Case19   0x000369    program     static C:\Users\HP ProBook A9\OneDrive\Desktop\project4\main.asm
                    Case2   0x000303    program     static C:\Users\HP ProBook A9\OneDrive\Desktop\project4\main.asm
                   Case20   0x00036f    program     static C:\Users\HP ProBook A9\OneDrive\Desktop\project4\main.asm
                   Case21   0x000375    program     static C:\Users\HP ProBook A9\OneDrive\Desktop\project4\main.asm
                   Case22   0x00037b    program     static C:\Users\HP ProBook A9\OneDrive\Desktop\project4\main.asm
                   Case23   0x000381    program     static C:\Users\HP ProBook A9\OneDrive\Desktop\project4\main.asm
                    Case3   0x000309    program     static C:\Users\HP ProBook A9\OneDrive\Desktop\project4\main.asm
                    Case4   0x00030f    program     static C:\Users\HP ProBook A9\OneDrive\Desktop\project4\main.asm
                    Case5   0x000315    program     static C:\Users\HP ProBook A9\OneDrive\Desktop\project4\main.asm
                    Case6   0x00031b    program     static C:\Users\HP ProBook A9\OneDrive\Desktop\project4\main.asm
                    Case7   0x000321    program     static C:\Users\HP ProBook A9\OneDrive\Desktop\project4\main.asm
                    Case8   0x000327    program     static C:\Users\HP ProBook A9\OneDrive\Desktop\project4\main.asm
                    Case9   0x00032d    program     static C:\Users\HP ProBook A9\OneDrive\Desktop\project4\main.asm
         CompareAndUpdate   0x000262    program     static C:\Users\HP ProBook A9\OneDrive\Desktop\project4\main.asm
                  DELAY_W   0x000077    program     static C:\Users\HP ProBook A9\OneDrive\Desktop\project4\main.asm
            DELAY_W_10_MS   0x000085    program     static C:\Users\HP ProBook A9\OneDrive\Desktop\project4\main.asm
                      EN3   0x000179    program     static C:\Users\HP ProBook A9\OneDrive\Desktop\project4\main.asm
           ExtractDigitss   0x0001d8    program     static C:\Users\HP ProBook A9\OneDrive\Desktop\project4\main.asm
                    FINAL   0x000182    program     static C:\Users\HP ProBook A9\OneDrive\Desktop\project4\main.asm
             FINDMAX4Dist   0x00022a    program     static C:\Users\HP ProBook A9\OneDrive\Desktop\project4\main.asm
                  FINISHH   0x000291    program     static C:\Users\HP ProBook A9\OneDrive\Desktop\project4\main.asm
               GOTO step2   0x00038a    program     static C:\Users\HP ProBook A9\OneDrive\Desktop\project4\main.asm
                      ISR   0x000020    program     static C:\Users\HP ProBook A9\OneDrive\Desktop\project4\main.asm
                       L1   0x00029a    program     static C:\Users\HP ProBook A9\OneDrive\Desktop\project4\main.asm
                      L10   0x0002be    program     static C:\Users\HP ProBook A9\OneDrive\Desktop\project4\main.asm
                      L11   0x0002c2    program     static C:\Users\HP ProBook A9\OneDrive\Desktop\project4\main.asm
                      L12   0x0002c6    program     static C:\Users\HP ProBook A9\OneDrive\Desktop\project4\main.asm
                      L13   0x0002ca    program     static C:\Users\HP ProBook A9\OneDrive\Desktop\project4\main.asm
                      L14   0x0002ce    program     static C:\Users\HP ProBook A9\OneDrive\Desktop\project4\main.asm
                      L15   0x0002d2    program     static C:\Users\HP ProBook A9\OneDrive\Desktop\project4\main.asm
                      L16   0x0002d6    program     static C:\Users\HP ProBook A9\OneDrive\Desktop\project4\main.asm
                      L17   0x0002da    program     static C:\Users\HP ProBook A9\OneDrive\Desktop\project4\main.asm
                      L18   0x0002de    program     static C:\Users\HP ProBook A9\OneDrive\Desktop\project4\main.asm
                      L19   0x0002e2    program     static C:\Users\HP ProBook A9\OneDrive\Desktop\project4\main.asm
                       L2   0x00029e    program     static C:\Users\HP ProBook A9\OneDrive\Desktop\project4\main.asm
                      L20   0x0002e6    program     static C:\Users\HP ProBook A9\OneDrive\Desktop\project4\main.asm
                      L21   0x0002ea    program     static C:\Users\HP ProBook A9\OneDrive\Desktop\project4\main.asm
                      L22   0x0002ee    program     static C:\Users\HP ProBook A9\OneDrive\Desktop\project4\main.asm
                      L23   0x0002f2    program     static C:\Users\HP ProBook A9\OneDrive\Desktop\project4\main.asm
                      L24   0x0002f6    program     static C:\Users\HP ProBook A9\OneDrive\Desktop\project4\main.asm
                       L3   0x0002a2    program     static C:\Users\HP ProBook A9\OneDrive\Desktop\project4\main.asm
                       L4   0x0002a6    program     static C:\Users\HP ProBook A9\OneDrive\Desktop\project4\main.asm
                       L5   0x0002aa    program     static C:\Users\HP ProBook A9\OneDrive\Desktop\project4\main.asm
                       L6   0x0002ae    program     static C:\Users\HP ProBook A9\OneDrive\Desktop\project4\main.asm
                       L7   0x0002b2    program     static C:\Users\HP ProBook A9\OneDrive\Desktop\project4\main.asm
                       L8   0x0002b6    program     static C:\Users\HP ProBook A9\OneDrive\Desktop\project4\main.asm
                       L9   0x0002ba    program     static C:\Users\HP ProBook A9\OneDrive\Desktop\project4\main.asm
                 MainLoop   0x000296    program     static C:\Users\HP ProBook A9\OneDrive\Desktop\project4\main.asm
                     NEXT   0x0000e8    program     static C:\Users\HP ProBook A9\OneDrive\Desktop\project4\main.asm
                    NEXT1   0x0000ef    program     static C:\Users\HP ProBook A9\OneDrive\Desktop\project4\main.asm
                    NEXT2   0x0000f6    program     static C:\Users\HP ProBook A9\OneDrive\Desktop\project4\main.asm
                    NEXT3   0x0000fc    program     static C:\Users\HP ProBook A9\OneDrive\Desktop\project4\main.asm
                    NEXT4   0x000103    program     static C:\Users\HP ProBook A9\OneDrive\Desktop\project4\main.asm
                    NEXT5   0x00010a    program     static C:\Users\HP ProBook A9\OneDrive\Desktop\project4\main.asm
                       NN   0x0000f9    program     static C:\Users\HP ProBook A9\OneDrive\Desktop\project4\main.asm
                      NN2   0x00010d    program     static C:\Users\HP ProBook A9\OneDrive\Desktop\project4\main.asm
           PULSE_trig_pin   0x00009f    program     static C:\Users\HP ProBook A9\OneDrive\Desktop\project4\main.asm
                SETVALUES   0x000296    program     static C:\Users\HP ProBook A9\OneDrive\Desktop\project4\main.asm
                     SKIP   0x000137    program     static C:\Users\HP ProBook A9\OneDrive\Desktop\project4\main.asm
                 SKIP_SET   0x00016c    program     static C:\Users\HP ProBook A9\OneDrive\Desktop\project4\main.asm
              UpdateHigh1   0x00027c    program     static C:\Users\HP ProBook A9\OneDrive\Desktop\project4\main.asm
              UpdateHigh2   0x000285    program     static C:\Users\HP ProBook A9\OneDrive\Desktop\project4\main.asm
              UpdateHigh3   0x00028c    program     static C:\Users\HP ProBook A9\OneDrive\Desktop\project4\main.asm
       WAIT_FOR_ECHO_HIGH   0x0000e8    program     static C:\Users\HP ProBook A9\OneDrive\Desktop\project4\main.asm
        WAIT_FOR_ECHO_LOW   0x0000fc    program     static C:\Users\HP ProBook A9\OneDrive\Desktop\project4\main.asm
                    again   0x0001dd    program     static C:\Users\HP ProBook A9\OneDrive\Desktop\project4\main.asm
           checkSecondBit   0x000119    program     static C:\Users\HP ProBook A9\OneDrive\Desktop\project4\main.asm
            checkthirdBit   0x00011f    program     static C:\Users\HP ProBook A9\OneDrive\Desktop\project4\main.asm
          display_msd_lsd   0x0001c5    program     static C:\Users\HP ProBook A9\OneDrive\Desktop\project4\main.asm
                      div   0x00012b    program     static C:\Users\HP ProBook A9\OneDrive\Desktop\project4\main.asm
             done_display   0x0001d5    program     static C:\Users\HP ProBook A9\OneDrive\Desktop\project4\main.asm
          findmaxandprint   0x000388    program     static C:\Users\HP ProBook A9\OneDrive\Desktop\project4\main.asm
                     inid   0x000046    program     static C:\Users\HP ProBook A9\OneDrive\Desktop\project4\LCDIS_PORTD.INC
                     init   0x000005    program     static C:\Users\HP ProBook A9\OneDrive\Desktop\project4\main.asm
                     loop   0x000183    program     static C:\Users\HP ProBook A9\OneDrive\Desktop\project4\main.asm
                    loop1   0x000028    program     static C:\Users\HP ProBook A9\OneDrive\Desktop\project4\LCDIS_PORTD.INC
                    loopX   0x00002d    program     static C:\Users\HP ProBook A9\OneDrive\Desktop\project4\LCDIS_PORTD.INC
     loop_selection_lines   0x00009f    program     static C:\Users\HP ProBook A9\OneDrive\Desktop\project4\main.asm
               loop_start   0x000078    program     static C:\Users\HP ProBook A9\OneDrive\Desktop\project4\main.asm
                loopblink   0x00006b    program     static C:\Users\HP ProBook A9\OneDrive\Desktop\project4\main.asm
                     lowd   0x0001d1    program     static C:\Users\HP ProBook A9\OneDrive\Desktop\project4\main.asm
                    lp_st   0x000087    program     static C:\Users\HP ProBook A9\OneDrive\Desktop\project4\main.asm
                  minus10   0x000126    program     static C:\Users\HP ProBook A9\OneDrive\Desktop\project4\main.asm
                 minus100   0x000129    program     static C:\Users\HP ProBook A9\OneDrive\Desktop\project4\main.asm
                      msd   0x0001cb    program     static C:\Users\HP ProBook A9\OneDrive\Desktop\project4\main.asm
                      neg   0x000132    program     static C:\Users\HP ProBook A9\OneDrive\Desktop\project4\main.asm
                    onems   0x000026    program     static C:\Users\HP ProBook A9\OneDrive\Desktop\project4\LCDIS_PORTD.INC
                   outres   0x0001d8    program     static C:\Users\HP ProBook A9\OneDrive\Desktop\project4\main.asm
        printWelcomeM_lcd   0x0001f2    program     static C:\Users\HP ProBook A9\OneDrive\Desktop\project4\main.asm
                print_lcd   0x000184    program     static C:\Users\HP ProBook A9\OneDrive\Desktop\project4\main.asm
  printdistancetoLCDZEROW   0x0001b4    program     static C:\Users\HP ProBook A9\OneDrive\Desktop\project4\main.asm
                   pulseE   0x000031    program     static C:\Users\HP ProBook A9\OneDrive\Desktop\project4\LCDIS_PORTD.INC
                secondnum   0x0001bf    program     static C:\Users\HP ProBook A9\OneDrive\Desktop\project4\main.asm
                     send   0x000036    program     static C:\Users\HP ProBook A9\OneDrive\Desktop\project4\LCDIS_PORTD.INC
                    start   0x000061    program     static C:\Users\HP ProBook A9\OneDrive\Desktop\project4\main.asm
                    step2   0x00008e    program     static C:\Users\HP ProBook A9\OneDrive\Desktop\project4\main.asm
                     sub1   0x00012d    program     static C:\Users\HP ProBook A9\OneDrive\Desktop\project4\main.asm
                      xms   0x00002c    program     static C:\Users\HP ProBook A9\OneDrive\Desktop\project4\LCDIS_PORTD.INC



                              Symbols - Sorted by Address
                     Name    Address   Location    Storage File                     
                ---------  ---------  ---------  --------- ---------                
                     init   0x000005    program     static C:\Users\HP ProBook A9\OneDrive\Desktop\project4\main.asm
                      ISR   0x000020    program     static C:\Users\HP ProBook A9\OneDrive\Desktop\project4\main.asm
                    onems   0x000026    program     static C:\Users\HP ProBook A9\OneDrive\Desktop\project4\LCDIS_PORTD.INC
                    loop1   0x000028    program     static C:\Users\HP ProBook A9\OneDrive\Desktop\project4\LCDIS_PORTD.INC
                      xms   0x00002c    program     static C:\Users\HP ProBook A9\OneDrive\Desktop\project4\LCDIS_PORTD.INC
                    loopX   0x00002d    program     static C:\Users\HP ProBook A9\OneDrive\Desktop\project4\LCDIS_PORTD.INC
                   pulseE   0x000031    program     static C:\Users\HP ProBook A9\OneDrive\Desktop\project4\LCDIS_PORTD.INC
                     send   0x000036    program     static C:\Users\HP ProBook A9\OneDrive\Desktop\project4\LCDIS_PORTD.INC
                     inid   0x000046    program     static C:\Users\HP ProBook A9\OneDrive\Desktop\project4\LCDIS_PORTD.INC
                    start   0x000061    program     static C:\Users\HP ProBook A9\OneDrive\Desktop\project4\main.asm
                loopblink   0x00006b    program     static C:\Users\HP ProBook A9\OneDrive\Desktop\project4\main.asm
                  DELAY_W   0x000077    program     static C:\Users\HP ProBook A9\OneDrive\Desktop\project4\main.asm
               loop_start   0x000078    program     static C:\Users\HP ProBook A9\OneDrive\Desktop\project4\main.asm
            DELAY_W_10_MS   0x000085    program     static C:\Users\HP ProBook A9\OneDrive\Desktop\project4\main.asm
                    lp_st   0x000087    program     static C:\Users\HP ProBook A9\OneDrive\Desktop\project4\main.asm
                    step2   0x00008e    program     static C:\Users\HP ProBook A9\OneDrive\Desktop\project4\main.asm
           PULSE_trig_pin   0x00009f    program     static C:\Users\HP ProBook A9\OneDrive\Desktop\project4\main.asm
     loop_selection_lines   0x00009f    program     static C:\Users\HP ProBook A9\OneDrive\Desktop\project4\main.asm
       WAIT_FOR_ECHO_HIGH   0x0000e8    program     static C:\Users\HP ProBook A9\OneDrive\Desktop\project4\main.asm
                     NEXT   0x0000e8    program     static C:\Users\HP ProBook A9\OneDrive\Desktop\project4\main.asm
                    NEXT1   0x0000ef    program     static C:\Users\HP ProBook A9\OneDrive\Desktop\project4\main.asm
                    NEXT2   0x0000f6    program     static C:\Users\HP ProBook A9\OneDrive\Desktop\project4\main.asm
                       NN   0x0000f9    program     static C:\Users\HP ProBook A9\OneDrive\Desktop\project4\main.asm
                    NEXT3   0x0000fc    program     static C:\Users\HP ProBook A9\OneDrive\Desktop\project4\main.asm
        WAIT_FOR_ECHO_LOW   0x0000fc    program     static C:\Users\HP ProBook A9\OneDrive\Desktop\project4\main.asm
                    NEXT4   0x000103    program     static C:\Users\HP ProBook A9\OneDrive\Desktop\project4\main.asm
                    NEXT5   0x00010a    program     static C:\Users\HP ProBook A9\OneDrive\Desktop\project4\main.asm
                      NN2   0x00010d    program     static C:\Users\HP ProBook A9\OneDrive\Desktop\project4\main.asm
           checkSecondBit   0x000119    program     static C:\Users\HP ProBook A9\OneDrive\Desktop\project4\main.asm
            checkthirdBit   0x00011f    program     static C:\Users\HP ProBook A9\OneDrive\Desktop\project4\main.asm
                  minus10   0x000126    program     static C:\Users\HP ProBook A9\OneDrive\Desktop\project4\main.asm
                 minus100   0x000129    program     static C:\Users\HP ProBook A9\OneDrive\Desktop\project4\main.asm
                      div   0x00012b    program     static C:\Users\HP ProBook A9\OneDrive\Desktop\project4\main.asm
                     sub1   0x00012d    program     static C:\Users\HP ProBook A9\OneDrive\Desktop\project4\main.asm
                      neg   0x000132    program     static C:\Users\HP ProBook A9\OneDrive\Desktop\project4\main.asm
                     SKIP   0x000137    program     static C:\Users\HP ProBook A9\OneDrive\Desktop\project4\main.asm
                 SKIP_SET   0x00016c    program     static C:\Users\HP ProBook A9\OneDrive\Desktop\project4\main.asm
                      EN3   0x000179    program     static C:\Users\HP ProBook A9\OneDrive\Desktop\project4\main.asm
                    FINAL   0x000182    program     static C:\Users\HP ProBook A9\OneDrive\Desktop\project4\main.asm
                     loop   0x000183    program     static C:\Users\HP ProBook A9\OneDrive\Desktop\project4\main.asm
                print_lcd   0x000184    program     static C:\Users\HP ProBook A9\OneDrive\Desktop\project4\main.asm
  printdistancetoLCDZEROW   0x0001b4    program     static C:\Users\HP ProBook A9\OneDrive\Desktop\project4\main.asm
                secondnum   0x0001bf    program     static C:\Users\HP ProBook A9\OneDrive\Desktop\project4\main.asm
          display_msd_lsd   0x0001c5    program     static C:\Users\HP ProBook A9\OneDrive\Desktop\project4\main.asm
                      msd   0x0001cb    program     static C:\Users\HP ProBook A9\OneDrive\Desktop\project4\main.asm
                     lowd   0x0001d1    program     static C:\Users\HP ProBook A9\OneDrive\Desktop\project4\main.asm
             done_display   0x0001d5    program     static C:\Users\HP ProBook A9\OneDrive\Desktop\project4\main.asm
           ExtractDigitss   0x0001d8    program     static C:\Users\HP ProBook A9\OneDrive\Desktop\project4\main.asm
                   outres   0x0001d8    program     static C:\Users\HP ProBook A9\OneDrive\Desktop\project4\main.asm
                    again   0x0001dd    program     static C:\Users\HP ProBook A9\OneDrive\Desktop\project4\main.asm
             CHECKHUNDRED   0x0001ea    program     static C:\Users\HP ProBook A9\OneDrive\Desktop\project4\main.asm
        printWelcomeM_lcd   0x0001f2    program     static C:\Users\HP ProBook A9\OneDrive\Desktop\project4\main.asm
             FINDMAX4Dist   0x00022a    program     static C:\Users\HP ProBook A9\OneDrive\Desktop\project4\main.asm
         CompareAndUpdate   0x000262    program     static C:\Users\HP ProBook A9\OneDrive\Desktop\project4\main.asm
              UpdateHigh1   0x00027c    program     static C:\Users\HP ProBook A9\OneDrive\Desktop\project4\main.asm
              UpdateHigh2   0x000285    program     static C:\Users\HP ProBook A9\OneDrive\Desktop\project4\main.asm
              UpdateHigh3   0x00028c    program     static C:\Users\HP ProBook A9\OneDrive\Desktop\project4\main.asm
                  FINISHH   0x000291    program     static C:\Users\HP ProBook A9\OneDrive\Desktop\project4\main.asm
                 MainLoop   0x000296    program     static C:\Users\HP ProBook A9\OneDrive\Desktop\project4\main.asm
                SETVALUES   0x000296    program     static C:\Users\HP ProBook A9\OneDrive\Desktop\project4\main.asm
                       L1   0x00029a    program     static C:\Users\HP ProBook A9\OneDrive\Desktop\project4\main.asm
                       L2   0x00029e    program     static C:\Users\HP ProBook A9\OneDrive\Desktop\project4\main.asm
                       L3   0x0002a2    program     static C:\Users\HP ProBook A9\OneDrive\Desktop\project4\main.asm
                       L4   0x0002a6    program     static C:\Users\HP ProBook A9\OneDrive\Desktop\project4\main.asm
                       L5   0x0002aa    program     static C:\Users\HP ProBook A9\OneDrive\Desktop\project4\main.asm
                       L6   0x0002ae    program     static C:\Users\HP ProBook A9\OneDrive\Desktop\project4\main.asm
                       L7   0x0002b2    program     static C:\Users\HP ProBook A9\OneDrive\Desktop\project4\main.asm
                       L8   0x0002b6    program     static C:\Users\HP ProBook A9\OneDrive\Desktop\project4\main.asm
                       L9   0x0002ba    program     static C:\Users\HP ProBook A9\OneDrive\Desktop\project4\main.asm
                      L10   0x0002be    program     static C:\Users\HP ProBook A9\OneDrive\Desktop\project4\main.asm
                      L11   0x0002c2    program     static C:\Users\HP ProBook A9\OneDrive\Desktop\project4\main.asm
                      L12   0x0002c6    program     static C:\Users\HP ProBook A9\OneDrive\Desktop\project4\main.asm
                      L13   0x0002ca    program     static C:\Users\HP ProBook A9\OneDrive\Desktop\project4\main.asm
                      L14   0x0002ce    program     static C:\Users\HP ProBook A9\OneDrive\Desktop\project4\main.asm
                      L15   0x0002d2    program     static C:\Users\HP ProBook A9\OneDrive\Desktop\project4\main.asm
                      L16   0x0002d6    program     static C:\Users\HP ProBook A9\OneDrive\Desktop\project4\main.asm
                      L17   0x0002da    program     static C:\Users\HP ProBook A9\OneDrive\Desktop\project4\main.asm
                      L18   0x0002de    program     static C:\Users\HP ProBook A9\OneDrive\Desktop\project4\main.asm
                      L19   0x0002e2    program     static C:\Users\HP ProBook A9\OneDrive\Desktop\project4\main.asm
                      L20   0x0002e6    program     static C:\Users\HP ProBook A9\OneDrive\Desktop\project4\main.asm
                      L21   0x0002ea    program     static C:\Users\HP ProBook A9\OneDrive\Desktop\project4\main.asm
                      L22   0x0002ee    program     static C:\Users\HP ProBook A9\OneDrive\Desktop\project4\main.asm
                      L23   0x0002f2    program     static C:\Users\HP ProBook A9\OneDrive\Desktop\project4\main.asm
                      L24   0x0002f6    program     static C:\Users\HP ProBook A9\OneDrive\Desktop\project4\main.asm
                    Case0   0x0002f7    program     static C:\Users\HP ProBook A9\OneDrive\Desktop\project4\main.asm
                    Case1   0x0002fd    program     static C:\Users\HP ProBook A9\OneDrive\Desktop\project4\main.asm
                    Case2   0x000303    program     static C:\Users\HP ProBook A9\OneDrive\Desktop\project4\main.asm
                    Case3   0x000309    program     static C:\Users\HP ProBook A9\OneDrive\Desktop\project4\main.asm
                    Case4   0x00030f    program     static C:\Users\HP ProBook A9\OneDrive\Desktop\project4\main.asm
                    Case5   0x000315    program     static C:\Users\HP ProBook A9\OneDrive\Desktop\project4\main.asm
                    Case6   0x00031b    program     static C:\Users\HP ProBook A9\OneDrive\Desktop\project4\main.asm
                    Case7   0x000321    program     static C:\Users\HP ProBook A9\OneDrive\Desktop\project4\main.asm
                    Case8   0x000327    program     static C:\Users\HP ProBook A9\OneDrive\Desktop\project4\main.asm
                    Case9   0x00032d    program     static C:\Users\HP ProBook A9\OneDrive\Desktop\project4\main.asm
                   Case10   0x000333    program     static C:\Users\HP ProBook A9\OneDrive\Desktop\project4\main.asm
                   Case11   0x000339    program     static C:\Users\HP ProBook A9\OneDrive\Desktop\project4\main.asm
                   Case12   0x00033f    program     static C:\Users\HP ProBook A9\OneDrive\Desktop\project4\main.asm
                   Case13   0x000345    program     static C:\Users\HP ProBook A9\OneDrive\Desktop\project4\main.asm
                   Case14   0x00034b    program     static C:\Users\HP ProBook A9\OneDrive\Desktop\project4\main.asm
                   Case15   0x000351    program     static C:\Users\HP ProBook A9\OneDrive\Desktop\project4\main.asm
                   Case16   0x000357    program     static C:\Users\HP ProBook A9\OneDrive\Desktop\project4\main.asm
                   Case17   0x00035d    program     static C:\Users\HP ProBook A9\OneDrive\Desktop\project4\main.asm
                   Case18   0x000363    program     static C:\Users\HP ProBook A9\OneDrive\Desktop\project4\main.asm
                   Case19   0x000369    program     static C:\Users\HP ProBook A9\OneDrive\Desktop\project4\main.asm
                   Case20   0x00036f    program     static C:\Users\HP ProBook A9\OneDrive\Desktop\project4\main.asm
                   Case21   0x000375    program     static C:\Users\HP ProBook A9\OneDrive\Desktop\project4\main.asm
                   Case22   0x00037b    program     static C:\Users\HP ProBook A9\OneDrive\Desktop\project4\main.asm
                   Case23   0x000381    program     static C:\Users\HP ProBook A9\OneDrive\Desktop\project4\main.asm
          findmaxandprint   0x000388    program     static C:\Users\HP ProBook A9\OneDrive\Desktop\project4\main.asm
               GOTO step2   0x00038a    program     static C:\Users\HP ProBook A9\OneDrive\Desktop\project4\main.asm


